14:56:19 **** Incremental Build of configuration Debug for project xaxidma_example_simple_poll_1 ****
make all 
Building file: ../src/xaxidma_example_simple_poll.c
Invoking: ARM v8 gcc compiler
aarch64-none-elf-gcc -Wall -O0 -g3 -c -fmessage-length=0 -MT"src/xaxidma_example_simple_poll.o" -I/home/me/Workspace/Hardware/Vitis/DMA_Loop/DMA_Test/export/DMA_Test/sw/DMA_Test/standalone_domain/bspinclude/include -MMD -MP -MF"src/xaxidma_example_simple_poll.d" -MT"src/xaxidma_example_simple_poll.o" -o "src/xaxidma_example_simple_poll.o" "../src/xaxidma_example_simple_poll.c"
../src/xaxidma_example_simple_poll.c:109: warning: "MAX_PKT_LEN" redefined
  109 | #define MAX_PKT_LEN  TEST_COUNT*FIFO_DATABYTE
      | 
../src/xaxidma_example_simple_poll.c:98: note: this is the location of the previous definition
   98 | #define MAX_PKT_LEN  0x20
      | 
../src/xaxidma_example_simple_poll.c:113: warning: "NUMBER_OF_TRANSFERS" redefined
  113 | #define NUMBER_OF_TRANSFERS 2
      | 
../src/xaxidma_example_simple_poll.c:102: note: this is the location of the previous definition
  102 | #define NUMBER_OF_TRANSFERS 10
      | 
Finished building: ../src/xaxidma_example_simple_poll.c
 
Building target: xaxidma_example_simple_poll_1.elf
Invoking: ARM v8 gcc linker
aarch64-none-elf-gcc -Wl,-T -Wl,../src/lscript.ld -L/home/me/Workspace/Hardware/Vitis/DMA_Loop/DMA_Test/export/DMA_Test/sw/DMA_Test/standalone_domain/bsplib/lib -o "xaxidma_example_simple_poll_1.elf" ./src/xaxidma_example_simple_poll.o   -Wl,--start-group,-lxil,-lgcc,-lc,--end-group
Finished building target: xaxidma_example_simple_poll_1.elf
 
Invoking: ARM v8 Print Size
aarch64-none-elf-size xaxidma_example_simple_poll_1.elf  |tee "xaxidma_example_simple_poll_1.elf.size"
   text	   data	    bss	    dec	    hex	filename
  48016	   7352	  24324	  79692	  1374c	xaxidma_example_simple_poll_1.elf
Finished building: xaxidma_example_simple_poll_1.elf.size
 

14:56:19 Build Finished (took 161ms)

